// Vitest Snapshot v1, https://vitest.dev/guide/snapshot.html

exports[`FreeTextEdit > renders and matches snapshot 1`] = `
<div>
  <div
    class="space-y-4"
  >
    <div>
      <div
        style="display: flex; align-items: center;"
      >
        <label
          class="block text-sm font-medium text-gray-700"
        >
          問題文
        </label>
        <button
          aria-label="問題文フォーマット切替"
          class="rounded border border-gray-300 px-2 py-1 text-xs text-gray-700 hover:bg-gray-50"
          type="button"
        >
          MD
        </button>
      </div>
      <textarea
        aria-label="問題文入力"
        placeholder="Markdown 形式で入力..."
        style="padding-top: 0.5rem; padding-bottom: 0.5rem;"
      >
        Sample question
      </textarea>
      <div
        class="mt-3 rounded-lg border border-gray-100 bg-gray-50 p-3 text-sm"
      >
        <div
          class="mb-2 text-xs font-semibold text-gray-600"
        >
          プレビュー
        </div>
        <div
          class="prose prose-sm max-w-none"
        >
          <p>
            Sample question
          </p>
        </div>
      </div>
    </div>
    <div>
      <div
        style="display: flex; align-items: center;"
      >
        <label
          class="block text-sm font-medium text-gray-700"
        >
          解答 / メモ
        </label>
        <button
          aria-label="解答フォーマット切替"
          class="rounded border border-gray-300 px-2 py-1 text-xs text-gray-700 hover:bg-gray-50"
          type="button"
        >
          MD
        </button>
      </div>
      <textarea
        aria-label="解答入力"
        placeholder="Markdown 形式で入力..."
        style="padding-top: 0.5rem; padding-bottom: 0.5rem;"
      >
        Sample answer
      </textarea>
      <div
        class="mt-3 rounded-lg border border-gray-100 bg-blue-50 p-3 text-sm"
      >
        <div
          class="mb-2 text-xs font-semibold text-gray-700"
        >
          プレビュー
        </div>
        <div
          class="prose prose-sm max-w-none"
        >
          <p>
            Sample answer
          </p>
        </div>
      </div>
    </div>
  </div>
</div>
`;
