// Vitest Snapshot v1, https://vitest.dev/guide/snapshot.html exports[`FreeTextEdit > renders and matches snapshot 1`] = `
<div> <div > <div> <div style="display: ; align-items: center;" > <label > 問題文 </label> <button label="問題文フォーマット切替" type="button" > MD </button> </div> <textarea label="問題文入力" placeholder="Markdown 形式で入力..." style="padding-top: 0.5rem; padding-bottom: 0.5rem;" > Sample question </textarea> <div > <div > プレビュー </div> <div > <p> Sample question </p> </div> </div> </div> <div> <div style="display: ; align-items: center;" > <label > 解答 / メモ </label> <button label="解答フォーマット切替" type="button" > MD </button> </div> <textarea label="解答入力" placeholder="Markdown 形式で入力..." style="padding-top: 0.5rem; padding-bottom: 0.5rem;" > Sample answer </textarea> <div > <div > プレビュー </div> <div > <p> Sample answer </p> </div> </div> </div> </div>
</div>
`;
